Flutter crash report.
Please report a bug at https://github.com/flutter/flutter/issues.

## command

flutter pub get

## exception

PathNotFoundException: PathNotFoundException: Cannot create link, path = 'C:\Users\user\Downloads\Medical-Master-main\Medical-Master-main\windows\flutter\ephemeral\.plugin_symlinks\url_launcher_windows' (OS Error: Le fichier spécifié est introuvable.
, errno = 2)

```
#0      _Link.throwIfError (dart:io/link.dart:358:7)
#1      _Link.createSync (dart:io/link.dart:276:5)
#2      ForwardingLink.createSync (package:file/src/forwarding/forwarding_link.dart:20:16)
#3      ForwardingLink.createSync (package:file/src/forwarding/forwarding_link.dart:20:16)
#4      _createPlatformPluginSymlinks (package:flutter_tools/src/flutter_plugins.dart:1143:12)
#5      createPluginSymlinks (package:flutter_tools/src/flutter_plugins.dart:1060:5)
#6      refreshPluginsList (package:flutter_tools/src/flutter_plugins.dart:1192:5)
<asynchronous suspension>
#7      FlutterProject.ensureReadyForPlatformSpecificTooling (package:flutter_tools/src/project.dart:376:5)
<asynchronous suspension>
#8      PackagesGetCommand.runCommand (package:flutter_tools/src/commands/packages.dart:395:9)
<asynchronous suspension>
#9      FlutterCommand.run.<anonymous closure> (package:flutter_tools/src/runner/flutter_command.dart:1581:27)
<asynchronous suspension>
#10     AppContext.run.<anonymous closure> (package:flutter_tools/src/base/context.dart:154:19)
<asynchronous suspension>
#11     CommandRunner.runCommand (package:args/command_runner.dart:212:13)
<asynchronous suspension>
#12     FlutterCommandRunner.runCommand.<anonymous closure> (package:flutter_tools/src/runner/flutter_command_runner.dart:503:9)
<asynchronous suspension>
#13     AppContext.run.<anonymous closure> (package:flutter_tools/src/base/context.dart:154:19)
<asynchronous suspension>
#14     FlutterCommandRunner.runCommand (package:flutter_tools/src/runner/flutter_command_runner.dart:438:5)
<asynchronous suspension>
#15     run.<anonymous closure>.<anonymous closure> (package:flutter_tools/runner.dart:98:11)
<asynchronous suspension>
#16     AppContext.run.<anonymous closure> (package:flutter_tools/src/base/context.dart:154:19)
<asynchronous suspension>
#17     main (package:flutter_tools/executable.dart:101:3)
<asynchronous suspension>
```

## flutter doctor

```
[32m[✓][39m Flutter (Channel stable, 3.35.6, on Microsoft Windows
    [version 10.0.26200.7840], locale fr-FR) [3,0s]
    [32m•[39m Flutter version 3.35.6 on channel stable at
      C:\flutter_windows_3.35.6-stable\flutter
    [32m•[39m Upstream repository
      https://github.com/flutter/flutter.git
    [32m•[39m Framework revision 9f455d2486 (5 months ago),
      2025-10-08 14:55:31 -0500
    [32m•[39m Engine revision d2913632a4
    [32m•[39m Dart version 3.9.2
    [32m•[39m DevTools version 2.48.0
    [32m•[39m Feature flags: enable-web, enable-linux-desktop,
      enable-macos-desktop, enable-windows-desktop,
      enable-android, enable-ios, cli-animations,
      enable-lldb-debugging

[32m[✓][39m Windows Version (11 Professionnel 64-bit, 25H2, 2009)
    [14,3s]

[32m[✓][39m Android toolchain - develop for Android devices
    (Android SDK version 35.0.0) [20,1s]
    [32m•[39m Android SDK at
      C:\Users\user\AppData\Local\Android\sdk
    [32m•[39m Emulator version 36.2.12.0 (build_id 14214601)
      (CL:N/A)
    [32m•[39m Platform android-36, build-tools 35.0.0
    [32m•[39m Java binary at: C:\Program Files\Android\Android
      Studio\jbr\bin\java
      This is the JDK bundled with the latest Android
      Studio installation on this machine.
      To manually set the JDK path, use: `flutter config
      --jdk-dir="path/to/jdk"`.
    [32m•[39m Java version OpenJDK Runtime Environment (build
      21.0.8+-14196175-b1038.72)
    [32m•[39m All Android licenses accepted.

[32m[✓][39m Chrome - develop for the web [1 865ms]
    [32m•[39m Chrome at C:\Program
      Files\Google\Chrome\Application\chrome.exe

[32m[✓][39m Visual Studio - develop Windows apps (Visual Studio
    Community 2022 17.14.18 (October 2025)) [1 861ms]
    [32m•[39m Visual Studio at C:\Program Files\Microsoft Visual
      Studio\2022\Community
    [32m•[39m Visual Studio Community 2022 version 17.14.36616.10
    [32m•[39m Windows 10 SDK version 10.0.26100.0

[32m[✓][39m Android Studio (version 2025.2.1) [20ms]
    [32m•[39m Android Studio at C:\Program Files\Android\Android
      Studio
    [32m•[39m Flutter plugin can be installed from:
      🔨 https://plugins.jetbrains.com/plugin/9212-flutter
    [32m•[39m Dart plugin can be installed from:
      🔨 https://plugins.jetbrains.com/plugin/6351-dart
    [32m•[39m Java version OpenJDK Runtime Environment (build
      21.0.8+-14196175-b1038.72)

[32m[✓][39m VS Code (version 1.106.3) [16ms]
    [32m•[39m VS Code at
      C:\Users\user\AppData\Local\Programs\Microsoft VS
      Code
    [32m•[39m Flutter extension version 3.127.20251229

[32m[✓][39m Connected device (3 available) [5,4s]
    [32m•[39m Windows (desktop) • windows • windows-x64    •
      Microsoft Windows [version 10.0.26200.7840]
    [32m•[39m Chrome (web)      • chrome  • web-javascript •
      Google Chrome 145.0.7632.117
    [32m•[39m Edge (web)        • edge    • web-javascript •
      Microsoft Edge 145.0.3800.82

[32m[✓][39m Network resources [5,5s]
    [32m•[39m All expected network resources are available.

[32m•[39m No issues found!
```
